../ECUAL/LCD16x2/../../util/DWT_Delay.h:23:22:DWT_Delay_us	24	static
../ECUAL/LCD16x2/../../util/DWT_Delay.h:32:22:DWT_Delay_ms	24	static
../ECUAL/LCD16x2/LCD16x2.c:20:6:LCD_msg	16	static
../ECUAL/LCD16x2/LCD16x2.c:27:6:LCD_DATA	16	static
../ECUAL/LCD16x2/LCD16x2.c:46:6:LCD_CMD	16	static
../ECUAL/LCD16x2/LCD16x2.c:58:6:LCD_Clear	8	static
../ECUAL/LCD16x2/LCD16x2.c:64:6:LCD_Set_Cursor	24	static
../ECUAL/LCD16x2/LCD16x2.c:85:6:LCD_Init	40	static
../ECUAL/LCD16x2/LCD16x2.c:133:6:LCD_Write_Char	24	static
../ECUAL/LCD16x2/LCD16x2.c:153:6:LCD_Write_String	24	static
../ECUAL/LCD16x2/LCD16x2.c:159:6:LCD_SL	8	static
../ECUAL/LCD16x2/LCD16x2.c:165:6:LCD_SR	8	static
